// Jest Snapshot v1, https://goo.gl/fbAQLP

exports[`matches snapshot 1`] = `
<div
  className="product"
>
  <div
    className="productTopRight"
    style={
      Object {
        "backgroundColor": "#f2f2f2",
      }
    }
  >
    <div
      className="productName"
    />
    <i
      style={
        Object {
          "color": "grey",
        }
      }
    >
      created at 
       and
       
       
      deadline by 
    </i>
    <div
      style={
        Object {
          "display": "flex",
          "justifyContent": "space-between",
        }
      }
    >
      <div>
        <div
          className="productInfoBottom"
        >
          <div
            className="productInfoItem"
          >
            <span
              className="productInfoKey"
            >
              <b>
                Description
              </b>
            </span>
            <div
              className="productInfoValue"
            >
              <span />
              <br />
            </div>
          </div>
          <div
            className="productInfoItem"
          >
            <span
              className="productInfoKey"
            >
              <b>
                Skills Required
              </b>
            </span>
            <div
              className="productInfoValue"
              style={
                Object {
                  "display": "flex",
                }
              }
            />
          </div>
          <div
            className="productInfoItem"
          >
            <span
              className="productInfoKey"
            >
              <b>
                Number of Applications
              </b>
            </span>
            <div
              className="productInfoValue"
            >
              <i>
                 applicant received till now
              </i>
            </div>
          </div>
          <div
            className="productInfoItem"
          >
            <span
              className="productInfoKey"
            >
              <b>
                Status of Job post
              </b>
            </span>
            <div
              className="productInfoValue"
            />
          </div>
        </div>
      </div>
      <div>
        <img
          alt="poster"
          className="posterImg"
          src="/Hiring/three.jpg"
        />
      </div>
    </div>
  </div>
</div>
`;
