// Jest Snapshot v1, https://goo.gl/fbAQLP

exports[`matches snapshot 1`] = `
<div
  className="container"
  height="100%"
  width="100%"
>
  <div>
    Loading Chart
  </div>
</div>
`;
