// Jest Snapshot v1, https://goo.gl/fbAQLP

exports[`matches snapshot 1`] = `
<div
  className="loginWrapper"
>
  <div
    className="loginLeft"
  >
    <h3
      className="loginLogo"
    >
      Job Finder
    </h3>
    <span
      className="loginDesc"
    >
      Enter your details...
    </span>
  </div>
  <div
    className="loginRight"
  >
    <form
      className="RegisterBox"
      onSubmit={[Function]}
    >
      <div
        className="formtop"
      >
        <h2>
          Create Account
        </h2>
      </div>
      <div
        id="signInDiv"
      >
        Sign up
      </div>
      <div
        className="orContainer"
      >
        <div
          className="line"
        >
          <span>
            ---------------------- or Sign up with Email ----------------------
          </span>
        </div>
      </div>
      <label>
        Name
        <input
          className="loginInput"
          onChange={[Function]}
          placeholder="Name"
          required={true}
          type="text"
          value=""
        />
      </label>
      <label>
        Email
        <input
          className="loginInput"
          onChange={[Function]}
          placeholder="Email"
          required={true}
          type="email"
          value=""
        />
      </label>
      <label>
        Password
        <input
          className="loginInput"
          onChange={[Function]}
          placeholder="Password"
          required={true}
          type="password"
          value=""
        />
      </label>
      <button
        className="loginButton"
        type="submit"
      >
        Sign up
      </button>
      <span>
        Already have an account? 
        <a
          href="/login"
          onClick={[Function]}
        >
          Log in
        </a>
      </span>
    </form>
  </div>
</div>
`;
