// Jest Snapshot v1, https://goo.gl/fbAQLP

exports[`matches snapshot 1`] = `
<div
  className="jobCreatedContainer"
>
  <div>
    <div
      className="skin-blue-black"
    >
      <div
        className="wrapper"
      >
        <header
          className="main-header col-lg-12"
        >
          <span
            className="logo-mid first border"
            style={
              Object {
                "backgroundColor": "white",
                "paddingLeft": "2px",
              }
            }
          />
          <div
            className="fa fa-bars"
            id="menu_bar"
            onClick={[Function]}
          />
          <div
            className="user-profile"
            onClick={[Function]}
          >
            <span>
              user
            </span>
            <div
              className="mini-user fa fa-user-circle"
            />
          </div>
        </header>
        <div
          className="leftMenu openMenu"
        >
          <ul
            className="leftMenuList"
          />
        </div>
        <div
          className="content-wrapper content-wrapper-mid"
        />
        <div
          className="profile-hover"
          style={
            Object {
              "display": "none",
            }
          }
        >
          <div
            className="user-profile-icon fa fa-user-circle"
          />
          <div
            className="user-profile our-profile"
          >
            <span>
              user
            </span>
            <h1
              onClick={[Function]}
            >
              LogOut
            </h1>
          </div>
        </div>
        <div
          className="popup-overlay"
        />
        <div
          className="popup-overlay-bell"
        />
      </div>
    </div>
  </div>
  <div
    style={
      Object {
        "marginLeft": "50px",
        "marginTop": "50px",
      }
    }
  >
    <h1
      style={
        Object {
          "marginLeft": "150px",
        }
      }
    >
      Your Jobs
    </h1>
    <div
      className="searchedjobs"
    >
      <h5>
        You haven't created any job posts yet
      </h5>
    </div>
    <br />
    <br />
  </div>
</div>
`;
