// Jest Snapshot v1, https://goo.gl/fbAQLP

exports[`matches snapshot 1`] = `
<div
  className="profileContainer"
  style={
    Object {
      "backgroundColor": "",
    }
  }
>
  <div>
    <div
      className="skin-blue-black"
    >
      <div
        className="wrapper"
      >
        <header
          className="main-header col-lg-12"
        >
          <span
            className="logo-mid first border"
            style={
              Object {
                "backgroundColor": "white",
                "paddingLeft": "2px",
              }
            }
          />
          <div
            className="fa fa-bars"
            id="menu_bar"
            onClick={[Function]}
          />
          <div
            className="user-profile"
            onClick={[Function]}
          >
            <span>
              user
            </span>
            <div
              className="mini-user fa fa-user-circle"
            />
          </div>
        </header>
        <div
          className="leftMenu openMenu"
        >
          <ul
            className="leftMenuList"
          />
        </div>
        <div
          className="content-wrapper content-wrapper-mid"
        />
        <div
          className="profile-hover"
          style={
            Object {
              "display": "none",
            }
          }
        >
          <div
            className="user-profile-icon fa fa-user-circle"
          />
          <div
            className="user-profile our-profile"
          >
            <span>
              user
            </span>
            <h1
              onClick={[Function]}
            >
              LogOut
            </h1>
          </div>
        </div>
        <div
          className="popup-overlay"
        />
        <div
          className="popup-overlay-bell"
        />
      </div>
    </div>
  </div>
  <div
    className="user"
  >
    <div
      className="userContainer"
    >
      <div
        className="userShow"
      >
        <div
          className="userShowTop"
        >
          <img
            className="userShowImg"
            src="https://www.pngitem.com/pimgs/m/146-1468479_my-profile-icon-blank-profile-picture-circle-hd.png"
          />
          <div
            className="userShowTopTitle"
          >
            <span
              className="userShowUsername"
            />
            <span
              className="userShowUserTitle"
            >
              Software Engineer
            </span>
          </div>
        </div>
        <div
          className="userShowBottom"
        >
          <span
            className="userShowTitle"
          >
            Account Details
          </span>
          <div
            className="userShowInfo"
          >
            <svg
              aria-hidden={true}
              className="MuiSvgIcon-root userShowIcon"
              focusable="false"
              viewBox="0 0 24 24"
            >
              <path
                d="M20 4H4c-1.1 0-1.99.9-1.99 2L2 18c0 1.1.9 2 2 2h16c1.1 0 2-.9 2-2V6c0-1.1-.9-2-2-2zm0 14H4V8l8 5 8-5v10zm-8-7L4 6h16l-8 5z"
              />
            </svg>
            <span
              className="userShowInfoTitle"
            />
          </div>
        </div>
      </div>
      <div
        className="userUpdate"
      >
        <span
          className="userUpdateTitle"
        >
          Edit
        </span>
        <form
          className="userUpdateForm"
        >
          <div
            className="userUpdateLeft"
          >
            <div
              className="userUpdateItem"
            >
              <label>
                Username
              </label>
              <input
                className="userUpdateInput"
                onChange={[Function]}
                placeholder=""
                type="text"
              />
            </div>
            <div
              className="userUpdateItem"
            >
              <label>
                LinkedIn Id
              </label>
              <input
                className="userUpdateInput"
                onChange={[Function]}
                placeholder=""
                type="text"
              />
            </div>
            <div
              className="userUpdateItem"
            >
              <label>
                Phone
              </label>
              <input
                className="userUpdateInput"
                onChange={[Function]}
                placeholder=""
                type="text"
              />
            </div>
            <div
              className="userUpdateItem"
            >
              <label>
                Address
              </label>
              <input
                className="userUpdateInput"
                onChange={[Function]}
                placeholder=""
                type="text"
              />
            </div>
            <div
              className="userUpdateItem"
            >
              <label>
                DOB
              </label>
              <input
                className="userUpdateInput"
                onChange={[Function]}
                placeholder=""
                type="date"
              />
            </div>
          </div>
          <div
            className="userUpdateRight"
          >
            <div
              className="userUpdateUpload"
            >
              <img
                className="userUpdateImg"
                src="https://www.pngitem.com/pimgs/m/146-1468479_my-profile-icon-blank-profile-picture-circle-hd.png"
              />
            </div>
            <button
              className="userUpdateButton"
              onClick={[Function]}
            >
              Update
            </button>
          </div>
        </form>
      </div>
    </div>
    <button
      className="editbutton"
      onClick={[Function]}
    >
      Edit
    </button>
  </div>
</div>
`;
