// Jest Snapshot v1, https://goo.gl/fbAQLP

exports[`matches snapshot 1`] = `
<div
  className="container"
>
  <h5>
    No statistical graphs to be shown
  </h5>
</div>
`;
