// Jest Snapshot v1, https://goo.gl/fbAQLP

exports[`matches snapshot 1`] = `
Array [
  <form
    onSubmit={[Function]}
  >
    <div
      className="custom-file mb-4"
    >
      <input
        accept="application/pdf"
        className="custom-file-input"
        id="customFile"
        name="file"
        onChange={[Function]}
        type="file"
      />
      <label
        className="custom-file-label"
        htmlFor="customFile"
      >
        Choose File
      </label>
    </div>
    <div
      className="recap"
    />
    <input
      className="btn btn-primary btn-block mt-4"
      disabled={true}
      style={
        Object {
          "cursor": "pointer",
        }
      }
      type="submit"
      value="Upload your resume"
    />
    <div>
      <br />
    </div>
    <div
      className="progress"
    >
      <div
        className="progress-bar progress-bar-striped bg-success"
        role="progressbar"
        style={
          Object {
            "width": "0%",
          }
        }
      >
        0
        %
      </div>
    </div>
  </form>,
  <form
    onSubmit={[Function]}
  >
    <div
      className="custom-file mb-4"
    >
      <input
        accept="application/zip,zip"
        className="custom-file-input"
        id="customFile"
        name="file"
        onChange={[Function]}
        type="file"
      />
      <label
        className="custom-file-label"
        htmlFor="customFile"
      >
        Choose File
      </label>
    </div>
    <div
      className="recap"
    />
    <input
      className="btn btn-primary btn-block mt-4"
      disabled={true}
      style={
        Object {
          "cursor": "pointer",
        }
      }
      type="submit"
      value="Upload resumes as Zip file"
    />
    <div>
      <br />
    </div>
    <div
      className="progress"
    >
      <div
        className="progress-bar progress-bar-striped bg-success"
        role="progressbar"
        style={
          Object {
            "width": "0%",
          }
        }
      >
        0
        %
      </div>
    </div>
  </form>,
  <div
    className="alert alert-info alert-dismissible fade show"
    role="alert"
  >
    <button
      aria-label="Close"
      className="close"
      data-dismiss="alert"
      type="button"
    >
      <span
        aria-hidden="true"
      >
        Ã—
      </span>
    </button>
  </div>,
  <div
    className="progress"
  >
    <div
      className="progress-bar progress-bar-striped bg-success"
      role="progressbar"
      style={
        Object {
          "width": "undefined%",
        }
      }
    >
      %
    </div>
  </div>,
]
`;
